[2025-05-28T19:47:09.756Z] [MongoDB] Initialized MongoDB debug logging {}
[2025-05-28T19:47:09.787Z] [MongoDB] connectToDatabase called {}
[2025-05-28T19:47:09.788Z] [MongoDB] Connecting to MongoDB with options {"isSRV":true,"uri":"mongodb+srv://chaitanyapinnaka:******@cluster0.tp0kf5a.mongodb.net/interactivemap?retryWrites=true&w=majority&appName=Cluster0","dbName":"interactivemap","connectionOptions":{"connectTimeoutMS":10000,"socketTimeoutMS":10000,"serverSelectionTimeoutMS":10000,"maxPoolSize":10,"minPoolSize":1,"waitQueueTimeoutMS":10000,"heartbeatFrequencyMS":5000}}
[2025-05-28T19:47:09.788Z] [MongoDB] Attempting to connect to MongoDB... {}
[2025-05-28T19:47:10.758Z] [MongoDB] Successfully connected to MongoDB {"duration":970}
[2025-05-28T19:47:10.758Z] [MongoDB] Getting database instance {"dbName":"interactivemap"}
[2025-05-28T19:47:10.758Z] [MongoDB] Testing database connection with ping command {}
[2025-05-28T19:47:10.838Z] [MongoDB] Database ping successful {"pingDuration":80}
[2025-05-28T19:47:10.919Z] [MongoDB] Available collections: {"collections":["stategraduationrequirements","users","schools","announcements","resources","contactregions"]}
[2025-05-28T19:47:10.920Z] [MongoDB] MongoDB connection established {"uriType":"SRV","dbName":"interactivemap","connectionTime":1132,"collectionCount":6}
[2025-05-28T19:47:33.588Z] [MongoDB] connectToDatabase called {}
[2025-05-28T19:47:33.589Z] [MongoDB] Connecting to MongoDB with options {"isSRV":true,"uri":"mongodb+srv://chaitanyapinnaka:******@cluster0.tp0kf5a.mongodb.net/interactivemap?retryWrites=true&w=majority&appName=Cluster0","dbName":"interactivemap","connectionOptions":{"connectTimeoutMS":10000,"socketTimeoutMS":10000,"serverSelectionTimeoutMS":10000,"maxPoolSize":10,"minPoolSize":1,"waitQueueTimeoutMS":10000,"heartbeatFrequencyMS":5000}}
[2025-05-28T19:47:33.590Z] [MongoDB] Attempting to connect to MongoDB... {}
[2025-05-28T19:47:34.594Z] [MongoDB] Successfully connected to MongoDB {"duration":1004}
[2025-05-28T19:47:34.595Z] [MongoDB] Getting database instance {"dbName":"interactivemap"}
[2025-05-28T19:47:34.595Z] [MongoDB] Testing database connection with ping command {}
[2025-05-28T19:47:34.678Z] [MongoDB] Database ping successful {"pingDuration":83}
[2025-05-28T19:47:34.760Z] [MongoDB] Available collections: {"collections":["stategraduationrequirements","users","schools","announcements","resources","contactregions"]}
[2025-05-28T19:47:34.761Z] [MongoDB] MongoDB connection established {"uriType":"SRV","dbName":"interactivemap","connectionTime":1171,"collectionCount":6}
[2025-05-28T19:47:35.066Z] [MongoDB] connectToDatabase called {}
[2025-05-28T19:47:35.066Z] [MongoDB] Connecting to MongoDB with options {"isSRV":true,"uri":"mongodb+srv://chaitanyapinnaka:******@cluster0.tp0kf5a.mongodb.net/interactivemap?retryWrites=true&w=majority&appName=Cluster0","dbName":"interactivemap","connectionOptions":{"connectTimeoutMS":10000,"socketTimeoutMS":10000,"serverSelectionTimeoutMS":10000,"maxPoolSize":10,"minPoolSize":1,"waitQueueTimeoutMS":10000,"heartbeatFrequencyMS":5000}}
[2025-05-28T19:47:35.067Z] [MongoDB] Attempting to connect to MongoDB... {}
[2025-05-28T19:47:35.972Z] [MongoDB] Successfully connected to MongoDB {"duration":905}
[2025-05-28T19:47:35.972Z] [MongoDB] Getting database instance {"dbName":"interactivemap"}
[2025-05-28T19:47:35.972Z] [MongoDB] Testing database connection with ping command {}
[2025-05-28T19:47:36.052Z] [MongoDB] Database ping successful {"pingDuration":80}
[2025-05-28T19:47:36.148Z] [MongoDB] Available collections: {"collections":["stategraduationrequirements","users","schools","announcements","resources","contactregions"]}
[2025-05-28T19:47:36.149Z] [MongoDB] MongoDB connection established {"uriType":"SRV","dbName":"interactivemap","connectionTime":1082,"collectionCount":6}
[2025-05-28T19:47:57.399Z] [MongoDB] connectToDatabase called {}
[2025-05-28T19:47:57.399Z] [MongoDB] Connecting to MongoDB with options {"isSRV":true,"uri":"mongodb+srv://chaitanyapinnaka:******@cluster0.tp0kf5a.mongodb.net/interactivemap?retryWrites=true&w=majority&appName=Cluster0","dbName":"interactivemap","connectionOptions":{"connectTimeoutMS":10000,"socketTimeoutMS":10000,"serverSelectionTimeoutMS":10000,"maxPoolSize":10,"minPoolSize":1,"waitQueueTimeoutMS":10000,"heartbeatFrequencyMS":5000}}
[2025-05-28T19:47:57.400Z] [MongoDB] Attempting to connect to MongoDB... {}
[2025-05-28T19:47:58.344Z] [MongoDB] Successfully connected to MongoDB {"duration":944}
[2025-05-28T19:47:58.345Z] [MongoDB] Getting database instance {"dbName":"interactivemap"}
[2025-05-28T19:47:58.345Z] [MongoDB] Testing database connection with ping command {}
[2025-05-28T19:47:58.443Z] [MongoDB] Database ping successful {"pingDuration":98}
[2025-05-28T19:47:58.526Z] [MongoDB] Available collections: {"collections":["stategraduationrequirements","users","schools","announcements","resources","contactregions"]}
[2025-05-28T19:47:58.526Z] [MongoDB] MongoDB connection established {"uriType":"SRV","dbName":"interactivemap","connectionTime":1126,"collectionCount":6}
[2025-05-28T19:47:58.667Z] [MongoDB] connectToDatabase called {}
[2025-05-28T19:47:58.667Z] [MongoDB] Connecting to MongoDB with options {"isSRV":true,"uri":"mongodb+srv://chaitanyapinnaka:******@cluster0.tp0kf5a.mongodb.net/interactivemap?retryWrites=true&w=majority&appName=Cluster0","dbName":"interactivemap","connectionOptions":{"connectTimeoutMS":10000,"socketTimeoutMS":10000,"serverSelectionTimeoutMS":10000,"maxPoolSize":10,"minPoolSize":1,"waitQueueTimeoutMS":10000,"heartbeatFrequencyMS":5000}}
[2025-05-28T19:47:58.667Z] [MongoDB] Attempting to connect to MongoDB... {}
[2025-05-28T19:47:59.558Z] [MongoDB] Successfully connected to MongoDB {"duration":891}
[2025-05-28T19:47:59.560Z] [MongoDB] Getting database instance {"dbName":"interactivemap"}
[2025-05-28T19:47:59.560Z] [MongoDB] Testing database connection with ping command {}
[2025-05-28T19:47:59.641Z] [MongoDB] Database ping successful {"pingDuration":81}
[2025-05-28T19:47:59.720Z] [MongoDB] Available collections: {"collections":["stategraduationrequirements","users","schools","announcements","resources","contactregions"]}
[2025-05-28T19:47:59.721Z] [MongoDB] MongoDB connection established {"uriType":"SRV","dbName":"interactivemap","connectionTime":1054,"collectionCount":6}
[2025-05-28T19:48:34.760Z] [MongoDB] connectToDatabase called {}
[2025-05-28T19:48:34.761Z] [MongoDB] Connecting to MongoDB with options {"isSRV":true,"uri":"mongodb+srv://chaitanyapinnaka:******@cluster0.tp0kf5a.mongodb.net/interactivemap?retryWrites=true&w=majority&appName=Cluster0","dbName":"interactivemap","connectionOptions":{"connectTimeoutMS":10000,"socketTimeoutMS":10000,"serverSelectionTimeoutMS":10000,"maxPoolSize":10,"minPoolSize":1,"waitQueueTimeoutMS":10000,"heartbeatFrequencyMS":5000}}
[2025-05-28T19:48:34.761Z] [MongoDB] Attempting to connect to MongoDB... {}
[2025-05-28T19:48:35.697Z] [MongoDB] Successfully connected to MongoDB {"duration":936}
[2025-05-28T19:48:35.697Z] [MongoDB] Getting database instance {"dbName":"interactivemap"}
[2025-05-28T19:48:35.697Z] [MongoDB] Testing database connection with ping command {}
[2025-05-28T19:48:35.779Z] [MongoDB] Database ping successful {"pingDuration":82}
[2025-05-28T19:48:35.861Z] [MongoDB] Available collections: {"collections":["stategraduationrequirements","users","schools","announcements","resources","contactregions"]}
[2025-05-28T19:48:35.861Z] [MongoDB] MongoDB connection established {"uriType":"SRV","dbName":"interactivemap","connectionTime":1100,"collectionCount":6}
[2025-05-28T19:48:36.180Z] [MongoDB] connectToDatabase called {}
[2025-05-28T19:48:36.180Z] [MongoDB] Connecting to MongoDB with options {"isSRV":true,"uri":"mongodb+srv://chaitanyapinnaka:******@cluster0.tp0kf5a.mongodb.net/interactivemap?retryWrites=true&w=majority&appName=Cluster0","dbName":"interactivemap","connectionOptions":{"connectTimeoutMS":10000,"socketTimeoutMS":10000,"serverSelectionTimeoutMS":10000,"maxPoolSize":10,"minPoolSize":1,"waitQueueTimeoutMS":10000,"heartbeatFrequencyMS":5000}}
[2025-05-28T19:48:36.180Z] [MongoDB] Attempting to connect to MongoDB... {}
[2025-05-28T19:48:37.137Z] [MongoDB] Successfully connected to MongoDB {"duration":957}
[2025-05-28T19:48:37.138Z] [MongoDB] Getting database instance {"dbName":"interactivemap"}
[2025-05-28T19:48:37.138Z] [MongoDB] Testing database connection with ping command {}
[2025-05-28T19:48:37.222Z] [MongoDB] Database ping successful {"pingDuration":84}
[2025-05-28T19:48:37.307Z] [MongoDB] Available collections: {"collections":["stategraduationrequirements","users","schools","announcements","useraccounts","resources","contactregions"]}
[2025-05-28T19:48:37.308Z] [MongoDB] MongoDB connection established {"uriType":"SRV","dbName":"interactivemap","connectionTime":1128,"collectionCount":7}
[2025-05-28T19:48:37.427Z] [MongoDB] connectToDatabase called {}
[2025-05-28T19:48:37.427Z] [MongoDB] Connecting to MongoDB with options {"isSRV":true,"uri":"mongodb+srv://chaitanyapinnaka:******@cluster0.tp0kf5a.mongodb.net/interactivemap?retryWrites=true&w=majority&appName=Cluster0","dbName":"interactivemap","connectionOptions":{"connectTimeoutMS":10000,"socketTimeoutMS":10000,"serverSelectionTimeoutMS":10000,"maxPoolSize":10,"minPoolSize":1,"waitQueueTimeoutMS":10000,"heartbeatFrequencyMS":5000}}
[2025-05-28T19:48:37.427Z] [MongoDB] Attempting to connect to MongoDB... {}
[2025-05-28T19:48:38.320Z] [MongoDB] Successfully connected to MongoDB {"duration":893}
[2025-05-28T19:48:38.320Z] [MongoDB] Getting database instance {"dbName":"interactivemap"}
[2025-05-28T19:48:38.321Z] [MongoDB] Testing database connection with ping command {}
[2025-05-28T19:48:38.403Z] [MongoDB] Database ping successful {"pingDuration":82}
[2025-05-28T19:48:38.482Z] [MongoDB] Available collections: {"collections":["stategraduationrequirements","users","schools","announcements","useraccounts","resources","contactregions"]}
[2025-05-28T19:48:38.483Z] [MongoDB] MongoDB connection established {"uriType":"SRV","dbName":"interactivemap","connectionTime":1056,"collectionCount":7}
[2025-05-28T19:48:44.574Z] [MongoDB] connectToDatabase called {}
[2025-05-28T19:48:44.574Z] [MongoDB] Connecting to MongoDB with options {"isSRV":true,"uri":"mongodb+srv://chaitanyapinnaka:******@cluster0.tp0kf5a.mongodb.net/interactivemap?retryWrites=true&w=majority&appName=Cluster0","dbName":"interactivemap","connectionOptions":{"connectTimeoutMS":10000,"socketTimeoutMS":10000,"serverSelectionTimeoutMS":10000,"maxPoolSize":10,"minPoolSize":1,"waitQueueTimeoutMS":10000,"heartbeatFrequencyMS":5000}}
[2025-05-28T19:48:44.574Z] [MongoDB] Attempting to connect to MongoDB... {}
[2025-05-28T19:48:45.454Z] [MongoDB] Successfully connected to MongoDB {"duration":879}
[2025-05-28T19:48:45.454Z] [MongoDB] Getting database instance {"dbName":"interactivemap"}
[2025-05-28T19:48:45.454Z] [MongoDB] Testing database connection with ping command {}
[2025-05-28T19:48:45.532Z] [MongoDB] Database ping successful {"pingDuration":78}
[2025-05-28T19:48:45.613Z] [MongoDB] Available collections: {"collections":["stategraduationrequirements","users","schools","announcements","useraccounts","resources","contactregions"]}
[2025-05-28T19:48:45.613Z] [MongoDB] MongoDB connection established {"uriType":"SRV","dbName":"interactivemap","connectionTime":1039,"collectionCount":7}
